
 /----------------------------------------------------------------------------\
 |                                                                            |
 |  yosys -- Yosys Open SYnthesis Suite                                       |
 |                                                                            |
 |  Copyright (C) 2012 - 2020  Claire Xenia Wolf <claire@yosyshq.com>         |
 |                                                                            |
 |  Permission to use, copy, modify, and/or distribute this software for any  |
 |  purpose with or without fee is hereby granted, provided that the above    |
 |  copyright notice and this permission notice appear in all copies.         |
 |                                                                            |
 |  THE SOFTWARE IS PROVIDED "AS IS" AND THE AUTHOR DISCLAIMS ALL WARRANTIES  |
 |  WITH REGARD TO THIS SOFTWARE INCLUDING ALL IMPLIED WARRANTIES OF          |
 |  MERCHANTABILITY AND FITNESS. IN NO EVENT SHALL THE AUTHOR BE LIABLE FOR   |
 |  ANY SPECIAL, DIRECT, INDIRECT, OR CONSEQUENTIAL DAMAGES OR ANY DAMAGES    |
 |  WHATSOEVER RESULTING FROM LOSS OF USE, DATA OR PROFITS, WHETHER IN AN     |
 |  ACTION OF CONTRACT, NEGLIGENCE OR OTHER TORTIOUS ACTION, ARISING OUT OF   |
 |  OR IN CONNECTION WITH THE USE OR PERFORMANCE OF THIS SOFTWARE.            |
 |                                                                            |
 \----------------------------------------------------------------------------/

 Yosys 0.37+1 (git sha1 37a6c9a09, clang 14.0.0-1ubuntu1.1 -fPIC -Os)


-- Executing script file `design_smt2.ys' --

1. Executing RTLIL frontend.
Input filename: design_prep.il

2. Executing HIERARCHY pass (managing design hierarchy).

2.1. Analyzing design hierarchy..
Top module:  \axi4lite_slave

2.2. Analyzing design hierarchy..
Top module:  \axi4lite_slave
Removed 0 unused modules.
Module axi4lite_slave directly or indirectly contains formal properties -> setting "keep" attribute.

3. Executing FORMALFF pass.

4. Executing DFFUNMAP pass (unmap clock enable and synchronous reset from FFs).

5. Printing statistics.

=== axi4lite_slave ===

   Number of wires:                416
   Number of wire bits:           3719
   Number of public wires:         145
   Number of public wire bits:    1314
   Number of memories:               0
   Number of memory bits:            0
   Number of processes:              0
   Number of cells:                432
     $add                            1
     $anyinit                       66
     $anyseq                        39
     $assert                        15
     $assume                         6
     $cover                          5
     $eq                            36
     $ff                            16
     $initstate                      1
     $logic_and                     26
     $logic_not                     19
     $lt                             1
     $mux                          194
     $not                            1
     $pmux                           6

6. Executing SMT2 backend.

6.1. Executing BMUXMAP pass.

6.2. Executing DEMUXMAP pass.
Creating SMT-LIBv2 representation of module axi4lite_slave.

End of script. Logfile hash: e252769e90, CPU: user 0.02s system 0.01s, MEM: 11.88 MB peak
Yosys 0.37+1 (git sha1 37a6c9a09, clang 14.0.0-1ubuntu1.1 -fPIC -Os)
Time spent: 74% 2x write_smt2 (0 sec), 21% 2x read_ilang (0 sec), ...
